Archive member included because of file (symbol)

c:/program files (x86)/atmel/avr tools/avr toolchain/bin/../lib/gcc/avr/4.8.1/avr5\libgcc.a(_udivmodsi4.o)
                              ./main.o (__udivmodsi4)
c:/program files (x86)/atmel/avr tools/avr toolchain/bin/../lib/gcc/avr/4.8.1/avr5\libgcc.a(_exit.o)
                              c:/program files (x86)/atmel/avr tools/avr toolchain/bin/../lib/gcc/avr/4.8.1/../../../../avr/lib/avr5/crtm328p.o (exit)
c:/program files (x86)/atmel/avr tools/avr toolchain/bin/../lib/gcc/avr/4.8.1/avr5\libgcc.a(_copy_data.o)
                              ./ip_arp_udp_tcp.o (__do_copy_data)
c:/program files (x86)/atmel/avr tools/avr toolchain/bin/../lib/gcc/avr/4.8.1/avr5\libgcc.a(_clear_bss.o)
                              ./enc28j60.o (__do_clear_bss)
c:/program files (x86)/atmel/avr tools/avr toolchain/bin/../lib/gcc/avr/4.8.1/../../../../avr/lib/avr5\libc.a(atoi.o)
                              ./websrv_help_functions.o (atoi)
c:/program files (x86)/atmel/avr tools/avr toolchain/bin/../lib/gcc/avr/4.8.1/../../../../avr/lib/avr5\libc.a(isalnum.o)
                              ./websrv_help_functions.o (isalnum)
c:/program files (x86)/atmel/avr tools/avr toolchain/bin/../lib/gcc/avr/4.8.1/../../../../avr/lib/avr5\libc.a(cty_isfalse.o)
                              c:/program files (x86)/atmel/avr tools/avr toolchain/bin/../lib/gcc/avr/4.8.1/../../../../avr/lib/avr5\libc.a(isalnum.o) (__ctype_isfalse)
c:/program files (x86)/atmel/avr tools/avr toolchain/bin/../lib/gcc/avr/4.8.1/../../../../avr/lib/avr5\libc.a(isalpha.o)
                              c:/program files (x86)/atmel/avr tools/avr toolchain/bin/../lib/gcc/avr/4.8.1/../../../../avr/lib/avr5\libc.a(isalnum.o) (isalpha)
c:/program files (x86)/atmel/avr tools/avr toolchain/bin/../lib/gcc/avr/4.8.1/../../../../avr/lib/avr5\libc.a(strncmp.o)
                              ./ip_arp_udp_tcp.o (strncmp)
c:/program files (x86)/atmel/avr tools/avr toolchain/bin/../lib/gcc/avr/4.8.1/../../../../avr/lib/avr5\libc.a(itoa.o)
                              ./websrv_help_functions.o (__itoa)
c:/program files (x86)/atmel/avr tools/avr toolchain/bin/../lib/gcc/avr/4.8.1/../../../../avr/lib/avr5\libc.a(itoa_ncheck.o)
                              ./ip_arp_udp_tcp.o (__itoa_ncheck)
c:/program files (x86)/atmel/avr tools/avr toolchain/bin/../lib/gcc/avr/4.8.1/../../../../avr/lib/avr5\libc.a(mul10.o)
                              c:/program files (x86)/atmel/avr tools/avr toolchain/bin/../lib/gcc/avr/4.8.1/../../../../avr/lib/avr5\libc.a(atoi.o) (__mulhi_const_10)
c:/program files (x86)/atmel/avr tools/avr toolchain/bin/../lib/gcc/avr/4.8.1/../../../../avr/lib/avr5\libc.a(utoa_ncheck.o)
                              c:/program files (x86)/atmel/avr tools/avr toolchain/bin/../lib/gcc/avr/4.8.1/../../../../avr/lib/avr5\libc.a(itoa_ncheck.o) (__utoa_common)
c:/program files (x86)/atmel/avr tools/avr toolchain/bin/../lib/gcc/avr/4.8.1/../../../../avr/lib/avr5\libc.a(sprintf.o)
                              ./web_page.o (sprintf)
c:/program files (x86)/atmel/avr tools/avr toolchain/bin/../lib/gcc/avr/4.8.1/../../../../avr/lib/avr5\libc.a(vfprintf_std.o)
                              c:/program files (x86)/atmel/avr tools/avr toolchain/bin/../lib/gcc/avr/4.8.1/../../../../avr/lib/avr5\libc.a(sprintf.o) (vfprintf)
c:/program files (x86)/atmel/avr tools/avr toolchain/bin/../lib/gcc/avr/4.8.1/../../../../avr/lib/avr5\libc.a(strnlen_P.o)
                              c:/program files (x86)/atmel/avr tools/avr toolchain/bin/../lib/gcc/avr/4.8.1/../../../../avr/lib/avr5\libc.a(vfprintf_std.o) (strnlen_P)
c:/program files (x86)/atmel/avr tools/avr toolchain/bin/../lib/gcc/avr/4.8.1/../../../../avr/lib/avr5\libc.a(strnlen.o)
                              c:/program files (x86)/atmel/avr tools/avr toolchain/bin/../lib/gcc/avr/4.8.1/../../../../avr/lib/avr5\libc.a(vfprintf_std.o) (strnlen)
c:/program files (x86)/atmel/avr tools/avr toolchain/bin/../lib/gcc/avr/4.8.1/../../../../avr/lib/avr5\libc.a(strrev.o)
                              c:/program files (x86)/atmel/avr tools/avr toolchain/bin/../lib/gcc/avr/4.8.1/../../../../avr/lib/avr5\libc.a(utoa_ncheck.o) (strrev)
c:/program files (x86)/atmel/avr tools/avr toolchain/bin/../lib/gcc/avr/4.8.1/../../../../avr/lib/avr5\libc.a(fputc.o)
                              c:/program files (x86)/atmel/avr tools/avr toolchain/bin/../lib/gcc/avr/4.8.1/../../../../avr/lib/avr5\libc.a(vfprintf_std.o) (fputc)
c:/program files (x86)/atmel/avr tools/avr toolchain/bin/../lib/gcc/avr/4.8.1/../../../../avr/lib/avr5\libc.a(ultoa_invert.o)
                              c:/program files (x86)/atmel/avr tools/avr toolchain/bin/../lib/gcc/avr/4.8.1/../../../../avr/lib/avr5\libc.a(vfprintf_std.o) (__ultoa_invert)
c:/program files (x86)/atmel/avr tools/avr toolchain/bin/../lib/gcc/avr/4.8.1/avr5\libgcc.a(_prologue.o)
                              c:/program files (x86)/atmel/avr tools/avr toolchain/bin/../lib/gcc/avr/4.8.1/../../../../avr/lib/avr5\libc.a(sprintf.o) (__prologue_saves__)
c:/program files (x86)/atmel/avr tools/avr toolchain/bin/../lib/gcc/avr/4.8.1/avr5\libgcc.a(_epilogue.o)
                              c:/program files (x86)/atmel/avr tools/avr toolchain/bin/../lib/gcc/avr/4.8.1/../../../../avr/lib/avr5\libc.a(sprintf.o) (__epilogue_restores__)

Allocating common symbols
Common symbol       size              file

off_time_1          0x4               ./web_page.o
Timer3              0x1               ./main.o
rly_2               0x1               ./main.o
gPlen               0x2               ./web_page.o
on_time_1           0x4               ./web_page.o
rly_1               0x1               ./main.o
visitor_counter     0x2               ./web_page.o
Timer4              0x1               ./main.o
fail_1              0x1               ./main.o
wait_time_2         0x4               ./web_page.o
cap_1               0x1               ./main.o
str_buffer          0x6               ./web_page.o
Timer6              0x1               ./main.o
on_time_2           0x4               ./web_page.o
Timer2              0x1               ./main.o
buf                 0x321             ./web_page.o
off_time_2          0x4               ./web_page.o
Timer5              0x1               ./main.o
Timer1              0x1               ./main.o
wait_time_1         0x4               ./web_page.o
Timer7              0x1               ./main.o
fail_2              0x1               ./main.o
cap_2               0x1               ./main.o

Memory Configuration

Name             Origin             Length             Attributes
text             0x00000000         0x00020000         xr
data             0x00800060         0x0000ffa0         rw !x
eeprom           0x00810000         0x00010000         rw !x
fuse             0x00820000         0x00000400         rw !x
lock             0x00830000         0x00000400         rw !x
signature        0x00840000         0x00000400         rw !x
user_signatures  0x00850000         0x00000400         rw !x
*default*        0x00000000         0xffffffff

Linker script and memory map

Address of section .data set to 0x800100
LOAD c:/program files (x86)/atmel/avr tools/avr toolchain/bin/../lib/gcc/avr/4.8.1/../../../../avr/lib/avr5/crtm328p.o
LOAD ./enc28j60.o
LOAD ./fun.o
LOAD ./ip_arp_udp_tcp.o
LOAD ./main.o
LOAD ./web_page.o
LOAD ./websrv_help_functions.o
START GROUP
LOAD c:/program files (x86)/atmel/avr tools/avr toolchain/bin/../lib/gcc/avr/4.8.1/avr5\libgcc.a
LOAD c:/program files (x86)/atmel/avr tools/avr toolchain/bin/../lib/gcc/avr/4.8.1/../../../../avr/lib/avr5\libm.a
LOAD c:/program files (x86)/atmel/avr tools/avr toolchain/bin/../lib/gcc/avr/4.8.1/../../../../avr/lib/avr5\libc.a
END GROUP

.hash
 *(.hash)

.dynsym
 *(.dynsym)

.dynstr
 *(.dynstr)

.gnu.version
 *(.gnu.version)

.gnu.version_d
 *(.gnu.version_d)

.gnu.version_r
 *(.gnu.version_r)

.rel.init
 *(.rel.init)

.rela.init
 *(.rela.init)

.rel.text
 *(.rel.text)
 *(.rel.text.*)
 *(.rel.gnu.linkonce.t*)

.rela.text
 *(.rela.text)
 *(.rela.text.*)
 *(.rela.gnu.linkonce.t*)

.rel.fini
 *(.rel.fini)

.rela.fini
 *(.rela.fini)

.rel.rodata
 *(.rel.rodata)
 *(.rel.rodata.*)
 *(.rel.gnu.linkonce.r*)

.rela.rodata
 *(.rela.rodata)
 *(.rela.rodata.*)
 *(.rela.gnu.linkonce.r*)

.rel.data
 *(.rel.data)
 *(.rel.data.*)
 *(.rel.gnu.linkonce.d*)

.rela.data
 *(.rela.data)
 *(.rela.data.*)
 *(.rela.gnu.linkonce.d*)

.rel.ctors
 *(.rel.ctors)

.rela.ctors
 *(.rela.ctors)

.rel.dtors
 *(.rel.dtors)

.rela.dtors
 *(.rela.dtors)

.rel.got
 *(.rel.got)

.rela.got
 *(.rela.got)

.rel.bss
 *(.rel.bss)

.rela.bss
 *(.rela.bss)

.rel.plt
 *(.rel.plt)

.rela.plt
 *(.rela.plt)

.text           0x00000000     0x306a
 *(.vectors)
 .vectors       0x00000000       0x68 c:/program files (x86)/atmel/avr tools/avr toolchain/bin/../lib/gcc/avr/4.8.1/../../../../avr/lib/avr5/crtm328p.o
                0x00000000                __vector_default
                0x00000000                __vectors
 *(.vectors)
 *(.progmem.gcc*)
                0x00000068                . = ALIGN (0x2)
                0x00000068                __trampolines_start = .
 *(.trampolines)
 .trampolines   0x00000068        0x0 linker stubs
 *(.trampolines*)
                0x00000068                __trampolines_end = .
 *(.progmem*)
 .progmem.data.__c.2256
                0x00000068       0x36 ./ip_arp_udp_tcp.o
 .progmem.data.__c.2254
                0x0000009e       0x11 ./ip_arp_udp_tcp.o
 .progmem.data.__c.2252
                0x000000af       0x38 ./ip_arp_udp_tcp.o
 .progmem.data.__c.2250
                0x000000e7        0x3 ./ip_arp_udp_tcp.o
 .progmem.data.__c.2248
                0x000000ea       0x12 ./ip_arp_udp_tcp.o
 .progmem.data.__c.2246
                0x000000fc        0x6 ./ip_arp_udp_tcp.o
 .progmem.data.__c.2244
                0x00000102       0x40 ./ip_arp_udp_tcp.o
 .progmem.data.__c.2242
                0x00000142       0x12 ./ip_arp_udp_tcp.o
 .progmem.data.__c.2240
                0x00000154        0x5 ./ip_arp_udp_tcp.o
 .progmem.data.ntpreqhdr
                0x00000159        0xa ./ip_arp_udp_tcp.o
                0x00000159                ntpreqhdr
 .progmem.data.iphdr
                0x00000163        0x9 ./ip_arp_udp_tcp.o
                0x00000163                iphdr
 .progmem.data.arpreqhdr
                0x0000016c        0x8 ./ip_arp_udp_tcp.o
                0x0000016c                arpreqhdr
 .progmem.data.__c.2386
                0x00000174       0x50 ./main.o
 .progmem.data.__c.2383
                0x000001c4       0x10 ./main.o
 .progmem.data.__c.2503
                0x000001d4        0xf ./web_page.o
 .progmem.data.__c.2501
                0x000001e3        0x9 ./web_page.o
 .progmem.data.__c.2499
                0x000001ec       0x22 ./web_page.o
 .progmem.data.__c.2497
                0x0000020e       0x1d ./web_page.o
 .progmem.data.__c.2495
                0x0000022b        0xd ./web_page.o
 .progmem.data.__c.2493
                0x00000238       0x20 ./web_page.o
 .progmem.data.__c.2491
                0x00000258       0x15 ./web_page.o
 .progmem.data.__c.2485
                0x0000026d        0x8 ./web_page.o
 .progmem.data.__c.2483
                0x00000275        0x9 ./web_page.o
 .progmem.data.__c.2481
                0x0000027e        0x3 ./web_page.o
 .progmem.data.__c.2479
                0x00000281        0xa ./web_page.o
 .progmem.data.__c.2477
                0x0000028b       0x1d ./web_page.o
 .progmem.data.__c.2475
                0x000002a8        0x8 ./web_page.o
 .progmem.data.__c.2473
                0x000002b0        0x8 ./web_page.o
 .progmem.data.__c.2471
                0x000002b8        0x5 ./web_page.o
 .progmem.data.__c.2469
                0x000002bd       0x21 ./web_page.o
 .progmem.data.__c.2467
                0x000002de        0xe ./web_page.o
 .progmem.data.__c.2465
                0x000002ec        0x5 ./web_page.o
 .progmem.data.__c.2463
                0x000002f1        0xa ./web_page.o
 .progmem.data.__c.2461
                0x000002fb        0x9 ./web_page.o
 .progmem.data.__c.2459
                0x00000304        0x3 ./web_page.o
 .progmem.data.__c.2457
                0x00000307        0xa ./web_page.o
 .progmem.data.__c.2455
                0x00000311       0x1d ./web_page.o
 .progmem.data.__c.2453
                0x0000032e        0x9 ./web_page.o
 .progmem.data.__c.2451
                0x00000337        0x8 ./web_page.o
 .progmem.data.__c.2449
                0x0000033f        0x5 ./web_page.o
 .progmem.data.__c.2447
                0x00000344       0x21 ./web_page.o
 .progmem.data.__c.2445
                0x00000365        0xc ./web_page.o
 .progmem.data.__c.2443
                0x00000371        0x7 ./web_page.o
 .progmem.data.__c.2441
                0x00000378        0xb ./web_page.o
 .progmem.data.__c.2439
                0x00000383       0x3e ./web_page.o
 .progmem.data.__c.2437
                0x000003c1        0x6 ./web_page.o
 .progmem.data.__c.2435
                0x000003c7       0x1c ./web_page.o
 .progmem.data.__c.2429
                0x000003e3        0xc ./web_page.o
 .progmem.data.__c.2427
                0x000003ef        0xe ./web_page.o
 .progmem.data.__c.2417
                0x000003fd        0x9 ./web_page.o
 .progmem.data.__c.2415
                0x00000406        0x5 ./web_page.o
 .progmem.data.__c.2413
                0x0000040b        0xc ./web_page.o
 .progmem.data.__c.2411
                0x00000417        0xf ./web_page.o
 .progmem.data.__c.2406
                0x00000426       0x2f ./web_page.o
 .progmem.data.__c.2404
                0x00000455       0x16 ./web_page.o
 .progmem.data.__c.2402
                0x0000046b       0x16 ./web_page.o
 .progmem.data.__c.2400
                0x00000481        0x3 ./web_page.o
 .progmem.data.__c.2398
                0x00000484        0x4 ./web_page.o
 .progmem.data.__c.2396
                0x00000488       0x10 ./web_page.o
 .progmem.data.__c.2394
                0x00000498       0x24 ./web_page.o
 .progmem.data.__c.2392
                0x000004bc       0x1c ./web_page.o
 .progmem.data.__c.2390
                0x000004d8       0x20 ./web_page.o
 .progmem.data.__c.2382
                0x000004f8       0x11 ./web_page.o
 .progmem.data.__c.2376
                0x00000509       0x52 ./web_page.o
 .progmem.data.__c.2370
                0x0000055b       0x3c ./web_page.o
 .progmem.data.tekst_end
                0x00000597        0x9 ./web_page.o
                0x00000597                tekst_end
 .progmem.data.g_tekst_beg
                0x000005a0       0x1e ./web_page.o
                0x000005a0                g_tekst_beg
 .progmem.data.r_tekst_beg
                0x000005be       0x1c ./web_page.o
                0x000005be                r_tekst_beg
 .progmem.data.tekst_beg
                0x000005da       0x10 ./web_page.o
                0x000005da                tekst_beg
 .progmem.data.http_head
                0x000005ea       0x3f ./web_page.o
                0x000005ea                http_head
                0x0000062a                . = ALIGN (0x2)
 *fill*         0x00000629        0x1 
 *(.jumptables)
 *(.jumptables*)
 *(.lowtext)
 *(.lowtext*)
                0x0000062a                __ctors_start = .
 *(.ctors)
                0x0000062a                __ctors_end = .
                0x0000062a                __dtors_start = .
 *(.dtors)
                0x0000062a                __dtors_end = .
 SORT(*)(.ctors)
 SORT(*)(.dtors)
 *(.init0)
 .init0         0x0000062a        0x0 c:/program files (x86)/atmel/avr tools/avr toolchain/bin/../lib/gcc/avr/4.8.1/../../../../avr/lib/avr5/crtm328p.o
                0x0000062a                __init
 *(.init0)
 *(.init1)
 *(.init1)
 *(.init2)
 .init2         0x0000062a        0xc c:/program files (x86)/atmel/avr tools/avr toolchain/bin/../lib/gcc/avr/4.8.1/../../../../avr/lib/avr5/crtm328p.o
 *(.init2)
 *(.init3)
 *(.init3)
 *(.init4)
 .init4         0x00000636       0x16 c:/program files (x86)/atmel/avr tools/avr toolchain/bin/../lib/gcc/avr/4.8.1/avr5\libgcc.a(_copy_data.o)
                0x00000636                __do_copy_data
 .init4         0x0000064c       0x10 c:/program files (x86)/atmel/avr tools/avr toolchain/bin/../lib/gcc/avr/4.8.1/avr5\libgcc.a(_clear_bss.o)
                0x0000064c                __do_clear_bss
 *(.init4)
 *(.init5)
 *(.init5)
 *(.init6)
 *(.init6)
 *(.init7)
 *(.init7)
 *(.init8)
 *(.init8)
 *(.init9)
 .init9         0x0000065c        0x8 c:/program files (x86)/atmel/avr tools/avr toolchain/bin/../lib/gcc/avr/4.8.1/../../../../avr/lib/avr5/crtm328p.o
 *(.init9)
 *(.text)
 .text          0x00000664        0x4 c:/program files (x86)/atmel/avr tools/avr toolchain/bin/../lib/gcc/avr/4.8.1/../../../../avr/lib/avr5/crtm328p.o
                0x00000664                __vector_22
                0x00000664                __vector_1
                0x00000664                __vector_24
                0x00000664                __vector_12
                0x00000664                __bad_interrupt
                0x00000664                __vector_6
                0x00000664                __vector_3
                0x00000664                __vector_23
                0x00000664                __vector_25
                0x00000664                __vector_13
                0x00000664                __vector_17
                0x00000664                __vector_19
                0x00000664                __vector_7
                0x00000664                __vector_5
                0x00000664                __vector_4
                0x00000664                __vector_9
                0x00000664                __vector_2
                0x00000664                __vector_21
                0x00000664                __vector_15
                0x00000664                __vector_8
                0x00000664                __vector_10
                0x00000664                __vector_16
                0x00000664                __vector_18
                0x00000664                __vector_20
 .text          0x00000668        0x0 ./enc28j60.o
 .text          0x00000668        0x0 ./fun.o
 .text          0x00000668        0x0 ./ip_arp_udp_tcp.o
 .text          0x00000668        0x0 ./main.o
 .text          0x00000668        0x0 ./web_page.o
 .text          0x00000668        0x0 ./websrv_help_functions.o
 .text          0x00000668        0x0 c:/program files (x86)/atmel/avr tools/avr toolchain/bin/../lib/gcc/avr/4.8.1/avr5\libgcc.a(_udivmodsi4.o)
 .text          0x00000668        0x0 c:/program files (x86)/atmel/avr tools/avr toolchain/bin/../lib/gcc/avr/4.8.1/avr5\libgcc.a(_exit.o)
 .text          0x00000668        0x0 c:/program files (x86)/atmel/avr tools/avr toolchain/bin/../lib/gcc/avr/4.8.1/avr5\libgcc.a(_copy_data.o)
 .text          0x00000668        0x0 c:/program files (x86)/atmel/avr tools/avr toolchain/bin/../lib/gcc/avr/4.8.1/avr5\libgcc.a(_clear_bss.o)
 .text          0x00000668        0x0 c:/program files (x86)/atmel/avr tools/avr toolchain/bin/../lib/gcc/avr/4.8.1/../../../../avr/lib/avr5\libc.a(atoi.o)
 .text          0x00000668        0x0 c:/program files (x86)/atmel/avr tools/avr toolchain/bin/../lib/gcc/avr/4.8.1/../../../../avr/lib/avr5\libc.a(isalnum.o)
 .text          0x00000668        0x0 c:/program files (x86)/atmel/avr tools/avr toolchain/bin/../lib/gcc/avr/4.8.1/../../../../avr/lib/avr5\libc.a(cty_isfalse.o)
 .text          0x00000668        0x0 c:/program files (x86)/atmel/avr tools/avr toolchain/bin/../lib/gcc/avr/4.8.1/../../../../avr/lib/avr5\libc.a(isalpha.o)
 .text          0x00000668        0x0 c:/program files (x86)/atmel/avr tools/avr toolchain/bin/../lib/gcc/avr/4.8.1/../../../../avr/lib/avr5\libc.a(strncmp.o)
 .text          0x00000668        0x0 c:/program files (x86)/atmel/avr tools/avr toolchain/bin/../lib/gcc/avr/4.8.1/../../../../avr/lib/avr5\libc.a(itoa.o)
 .text          0x00000668        0x0 c:/program files (x86)/atmel/avr tools/avr toolchain/bin/../lib/gcc/avr/4.8.1/../../../../avr/lib/avr5\libc.a(itoa_ncheck.o)
 .text          0x00000668        0x0 c:/program files (x86)/atmel/avr tools/avr toolchain/bin/../lib/gcc/avr/4.8.1/../../../../avr/lib/avr5\libc.a(mul10.o)
 .text          0x00000668        0x0 c:/program files (x86)/atmel/avr tools/avr toolchain/bin/../lib/gcc/avr/4.8.1/../../../../avr/lib/avr5\libc.a(utoa_ncheck.o)
 .text          0x00000668        0x0 c:/program files (x86)/atmel/avr tools/avr toolchain/bin/../lib/gcc/avr/4.8.1/../../../../avr/lib/avr5\libc.a(sprintf.o)
 .text          0x00000668        0x0 c:/program files (x86)/atmel/avr tools/avr toolchain/bin/../lib/gcc/avr/4.8.1/../../../../avr/lib/avr5\libc.a(vfprintf_std.o)
 .text          0x00000668        0x0 c:/program files (x86)/atmel/avr tools/avr toolchain/bin/../lib/gcc/avr/4.8.1/../../../../avr/lib/avr5\libc.a(strnlen_P.o)
 .text          0x00000668        0x0 c:/program files (x86)/atmel/avr tools/avr toolchain/bin/../lib/gcc/avr/4.8.1/../../../../avr/lib/avr5\libc.a(strnlen.o)
 .text          0x00000668        0x0 c:/program files (x86)/atmel/avr tools/avr toolchain/bin/../lib/gcc/avr/4.8.1/../../../../avr/lib/avr5\libc.a(strrev.o)
 .text          0x00000668        0x0 c:/program files (x86)/atmel/avr tools/avr toolchain/bin/../lib/gcc/avr/4.8.1/../../../../avr/lib/avr5\libc.a(fputc.o)
 .text          0x00000668        0x0 c:/program files (x86)/atmel/avr tools/avr toolchain/bin/../lib/gcc/avr/4.8.1/../../../../avr/lib/avr5\libc.a(ultoa_invert.o)
 .text          0x00000668        0x0 c:/program files (x86)/atmel/avr tools/avr toolchain/bin/../lib/gcc/avr/4.8.1/avr5\libgcc.a(_prologue.o)
 .text          0x00000668        0x0 c:/program files (x86)/atmel/avr tools/avr toolchain/bin/../lib/gcc/avr/4.8.1/avr5\libgcc.a(_epilogue.o)
                0x00000668                . = ALIGN (0x2)
 *(.text.*)
 .text.enc28j60ReadOp
                0x00000668       0x2c ./enc28j60.o
                0x00000668                enc28j60ReadOp
 .text.enc28j60WriteOp
                0x00000694       0x1a ./enc28j60.o
                0x00000694                enc28j60WriteOp
 .text.enc28j60ReadBuffer
                0x000006ae       0x2c ./enc28j60.o
                0x000006ae                enc28j60ReadBuffer
 .text.enc28j60WriteBuffer
                0x000006da       0x2a ./enc28j60.o
                0x000006da                enc28j60WriteBuffer
 .text.enc28j60SetBank
                0x00000704       0x44 ./enc28j60.o
                0x00000704                enc28j60SetBank
 .text.enc28j60Read
                0x00000748       0x20 ./enc28j60.o
                0x00000748                enc28j60Read
 .text.enc28j60Write
                0x00000768       0x26 ./enc28j60.o
                0x00000768                enc28j60Write
 .text.enc28j60PhyReadH
                0x0000078e       0x32 ./enc28j60.o
                0x0000078e                enc28j60PhyReadH
 .text.enc28j60PhyWrite
                0x000007c0       0x48 ./enc28j60.o
                0x000007c0                enc28j60PhyWrite
 .text.enc28j60clkout
                0x00000808        0xa ./enc28j60.o
                0x00000808                enc28j60clkout
 .text.enc28j60Init
                0x00000812      0x14c ./enc28j60.o
                0x00000812                enc28j60Init
 .text.enc28j60getrev
                0x0000095e        0xe ./enc28j60.o
                0x0000095e                enc28j60getrev
 .text.enc28j60linkup
                0x0000096c       0x12 ./enc28j60.o
                0x0000096c                enc28j60linkup
 .text.enc28j60PacketSend
                0x0000097e       0x80 ./enc28j60.o
                0x0000097e                enc28j60PacketSend
 .text.enc28j60hasRxPkt
                0x000009fe       0x12 ./enc28j60.o
                0x000009fe                enc28j60hasRxPkt
 .text.enc28j60PacketReceive
                0x00000a10       0xf8 ./enc28j60.o
                0x00000a10                enc28j60PacketReceive
 .text.ctc_tim1_init
                0x00000b08       0x28 ./fun.o
                0x00000b08                ctc_tim1_init
 .text.io_init  0x00000b30       0x1e ./fun.o
                0x00000b30                io_init
 .text.ctc_tim0_init
                0x00000b4e       0x1c ./fun.o
                0x00000b4e                ctc_tim0_init
 .text.RelaySuperDebounce
                0x00000b6a       0x82 ./fun.o
                0x00000b6a                RelaySuperDebounce
 .text.www_client_internal_result_callback
                0x00000bec       0x92 ./ip_arp_udp_tcp.o
                0x00000bec                www_client_internal_result_callback
 .text.checksum
                0x00000c7e       0xbc ./ip_arp_udp_tcp.o
                0x00000c7e                checksum
 .text.init_ip_arp_udp_tcp
                0x00000d3a       0x2e ./ip_arp_udp_tcp.o
                0x00000d3a                init_ip_arp_udp_tcp
 .text.check_ip_message_is_from
                0x00000d68       0x1e ./ip_arp_udp_tcp.o
                0x00000d68                check_ip_message_is_from
 .text.eth_type_is_arp_and_my_ip
                0x00000d86       0x34 ./ip_arp_udp_tcp.o
                0x00000d86                eth_type_is_arp_and_my_ip
 .text.eth_type_is_ip_and_my_ip
                0x00000dba       0x38 ./ip_arp_udp_tcp.o
                0x00000dba                eth_type_is_ip_and_my_ip
 .text.make_eth
                0x00000df2       0x26 ./ip_arp_udp_tcp.o
                0x00000df2                make_eth
 .text.fill_ip_hdr_checksum
                0x00000e18       0x2a ./ip_arp_udp_tcp.o
                0x00000e18                fill_ip_hdr_checksum
 .text.make_ip  0x00000e42       0x28 ./ip_arp_udp_tcp.o
                0x00000e42                make_ip
 .text.step_seq
                0x00000e6a       0x2a ./ip_arp_udp_tcp.o
                0x00000e6a                step_seq
 .text.make_tcphead
                0x00000e94       0x2a ./ip_arp_udp_tcp.o
                0x00000e94                make_tcphead
 .text.make_arp_answer_from_request
                0x00000ebe       0x66 ./ip_arp_udp_tcp.o
                0x00000ebe                make_arp_answer_from_request
 .text.make_echo_reply_from_request
                0x00000f24       0x38 ./ip_arp_udp_tcp.o
                0x00000f24                make_echo_reply_from_request
 .text.make_udp_reply_from_request
                0x00000f5c       0x90 ./ip_arp_udp_tcp.o
                0x00000f5c                make_udp_reply_from_request
 .text.make_tcp_synack_from_syn
                0x00000fec       0x70 ./ip_arp_udp_tcp.o
                0x00000fec                make_tcp_synack_from_syn
 .text.get_tcp_data_len
                0x0000105c       0x2a ./ip_arp_udp_tcp.o
                0x0000105c                get_tcp_data_len
 .text.fill_tcp_data_p
                0x00001086       0x24 ./ip_arp_udp_tcp.o
                0x00001086                fill_tcp_data_p
 .text.fill_tcp_data_len
                0x000010aa       0x1e ./ip_arp_udp_tcp.o
                0x000010aa                fill_tcp_data_len
 .text.fill_tcp_data
                0x000010c8       0x16 ./ip_arp_udp_tcp.o
                0x000010c8                fill_tcp_data
 .text.www_client_internal_datafill_callback
                0x000010de      0x172 ./ip_arp_udp_tcp.o
                0x000010de                www_client_internal_datafill_callback
 .text.make_tcp_ack_from_any
                0x00001250       0x82 ./ip_arp_udp_tcp.o
                0x00001250                make_tcp_ack_from_any
 .text.make_tcp_ack_with_data_noflags
                0x000012d2       0x44 ./ip_arp_udp_tcp.o
                0x000012d2                make_tcp_ack_with_data_noflags
 .text.www_server_reply
                0x00001316       0x2e ./ip_arp_udp_tcp.o
                0x00001316                www_server_reply
 .text.fill_buf_p
                0x00001344       0x1c ./ip_arp_udp_tcp.o
                0x00001344                fill_buf_p
 .text.client_ntp_request
                0x00001360       0xe6 ./ip_arp_udp_tcp.o
                0x00001360                client_ntp_request
 .text.client_ntp_process_answer
                0x00001446       0x62 ./ip_arp_udp_tcp.o
                0x00001446                client_ntp_process_answer
 .text.client_arp_whohas
                0x000014a8       0xac ./ip_arp_udp_tcp.o
                0x000014a8                client_arp_whohas
 .text.client_waiting_gw
                0x00001554        0xe ./ip_arp_udp_tcp.o
                0x00001554                client_waiting_gw
 .text.client_store_gw_mac
                0x00001562       0x36 ./ip_arp_udp_tcp.o
                0x00001562                client_store_gw_mac
 .text.client_gw_arp_refresh
                0x00001598       0x10 ./ip_arp_udp_tcp.o
                0x00001598                client_gw_arp_refresh
 .text.client_set_gwip
                0x000015a8       0x1c ./ip_arp_udp_tcp.o
                0x000015a8                client_set_gwip
 .text.client_tcp_set_serverip
                0x000015c4       0x16 ./ip_arp_udp_tcp.o
                0x000015c4                client_tcp_set_serverip
 .text.client_syn
                0x000015da      0x100 ./ip_arp_udp_tcp.o
                0x000015da                client_syn
 .text.client_tcp_req
                0x000016da       0x38 ./ip_arp_udp_tcp.o
                0x000016da                client_tcp_req
 .text.client_browse_url
                0x00001712       0x3a ./ip_arp_udp_tcp.o
                0x00001712                client_browse_url
 .text.client_http_post
                0x0000174c       0x4c ./ip_arp_udp_tcp.o
                0x0000174c                client_http_post
 .text.register_ping_rec_callback
                0x00001798        0xa ./ip_arp_udp_tcp.o
                0x00001798                register_ping_rec_callback
 .text.packetloop_icmp_tcp
                0x000017a2      0x31e ./ip_arp_udp_tcp.o
                0x000017a2                packetloop_icmp_tcp
 .text.__vector_14
                0x00001ac0       0x7a ./main.o
                0x00001ac0                __vector_14
 .text.__vector_11
                0x00001b3a       0x70 ./main.o
                0x00001b3a                __vector_11
 .text.debouncer_process
                0x00001baa      0x1d4 ./main.o
                0x00001baa                debouncer_process
 .text.startup.main
                0x00001d7e      0x20e ./main.o
                0x00001d7e                main
 .text.http200ok
                0x00001f8c       0x10 ./web_page.o
                0x00001f8c                http200ok
 .text.http200okjs
                0x00001f9c       0x10 ./web_page.o
                0x00001f9c                http200okjs
 .text.print_t1js
                0x00001fac       0x12 ./web_page.o
                0x00001fac                print_t1js
 .text.print_webpage_ok
                0x00001fbe       0x12 ./web_page.o
                0x00001fbe                print_webpage_ok
 .text.t_print_webpage
                0x00001fd0      0x1c8 ./web_page.o
                0x00001fd0                t_print_webpage
 .text.printUNIXtime
                0x00002198       0xa2 ./web_page.o
                0x00002198                printUNIXtime
 .text.print_webpage
                0x0000223a      0x328 ./web_page.o
                0x0000223a                print_webpage
 .text.print_webpage_ntp_req
                0x00002562       0x94 ./web_page.o
                0x00002562                print_webpage_ntp_req
 .text.analyse_get_url
                0x000025f6       0xaa ./web_page.o
                0x000025f6                analyse_get_url
 .text.find_key_val
                0x000026a0       0x82 ./websrv_help_functions.o
                0x000026a0                find_key_val
 .text.h2int    0x00002722       0x28 ./websrv_help_functions.o
                0x00002722                h2int
 .text.urldecode
                0x0000274a       0x64 ./websrv_help_functions.o
                0x0000274a                urldecode
 .text.int2h    0x000027ae       0x2c ./websrv_help_functions.o
                0x000027ae                int2h
 .text.urlencode
                0x000027da       0x7e ./websrv_help_functions.o
                0x000027da                urlencode
 .text.parse_ip
                0x00002858       0x9a ./websrv_help_functions.o
                0x00002858                parse_ip
 .text.mk_net_str
                0x000028f2       0x7e ./websrv_help_functions.o
                0x000028f2                mk_net_str
 .text.libgcc.mul
                0x00002970        0x0 c:/program files (x86)/atmel/avr tools/avr toolchain/bin/../lib/gcc/avr/4.8.1/avr5\libgcc.a(_udivmodsi4.o)
 .text.libgcc.div
                0x00002970       0x44 c:/program files (x86)/atmel/avr tools/avr toolchain/bin/../lib/gcc/avr/4.8.1/avr5\libgcc.a(_udivmodsi4.o)
                0x00002970                __udivmodsi4
 .text.libgcc   0x000029b4        0x0 c:/program files (x86)/atmel/avr tools/avr toolchain/bin/../lib/gcc/avr/4.8.1/avr5\libgcc.a(_udivmodsi4.o)
 .text.libgcc.prologue
                0x000029b4        0x0 c:/program files (x86)/atmel/avr tools/avr toolchain/bin/../lib/gcc/avr/4.8.1/avr5\libgcc.a(_udivmodsi4.o)
 .text.libgcc.builtins
                0x000029b4        0x0 c:/program files (x86)/atmel/avr tools/avr toolchain/bin/../lib/gcc/avr/4.8.1/avr5\libgcc.a(_udivmodsi4.o)
 .text.libgcc.fmul
                0x000029b4        0x0 c:/program files (x86)/atmel/avr tools/avr toolchain/bin/../lib/gcc/avr/4.8.1/avr5\libgcc.a(_udivmodsi4.o)
 .text.libgcc.fixed
                0x000029b4        0x0 c:/program files (x86)/atmel/avr tools/avr toolchain/bin/../lib/gcc/avr/4.8.1/avr5\libgcc.a(_udivmodsi4.o)
 .text.libgcc.mul
                0x000029b4        0x0 c:/program files (x86)/atmel/avr tools/avr toolchain/bin/../lib/gcc/avr/4.8.1/avr5\libgcc.a(_exit.o)
 .text.libgcc.div
                0x000029b4        0x0 c:/program files (x86)/atmel/avr tools/avr toolchain/bin/../lib/gcc/avr/4.8.1/avr5\libgcc.a(_exit.o)
 .text.libgcc   0x000029b4        0x0 c:/program files (x86)/atmel/avr tools/avr toolchain/bin/../lib/gcc/avr/4.8.1/avr5\libgcc.a(_exit.o)
 .text.libgcc.prologue
                0x000029b4        0x0 c:/program files (x86)/atmel/avr tools/avr toolchain/bin/../lib/gcc/avr/4.8.1/avr5\libgcc.a(_exit.o)
 .text.libgcc.builtins
                0x000029b4        0x0 c:/program files (x86)/atmel/avr tools/avr toolchain/bin/../lib/gcc/avr/4.8.1/avr5\libgcc.a(_exit.o)
 .text.libgcc.fmul
                0x000029b4        0x0 c:/program files (x86)/atmel/avr tools/avr toolchain/bin/../lib/gcc/avr/4.8.1/avr5\libgcc.a(_exit.o)
 .text.libgcc.fixed
                0x000029b4        0x0 c:/program files (x86)/atmel/avr tools/avr toolchain/bin/../lib/gcc/avr/4.8.1/avr5\libgcc.a(_exit.o)
 .text.libgcc.mul
                0x000029b4        0x0 c:/program files (x86)/atmel/avr tools/avr toolchain/bin/../lib/gcc/avr/4.8.1/avr5\libgcc.a(_copy_data.o)
 .text.libgcc.div
                0x000029b4        0x0 c:/program files (x86)/atmel/avr tools/avr toolchain/bin/../lib/gcc/avr/4.8.1/avr5\libgcc.a(_copy_data.o)
 .text.libgcc   0x000029b4        0x0 c:/program files (x86)/atmel/avr tools/avr toolchain/bin/../lib/gcc/avr/4.8.1/avr5\libgcc.a(_copy_data.o)
 .text.libgcc.prologue
                0x000029b4        0x0 c:/program files (x86)/atmel/avr tools/avr toolchain/bin/../lib/gcc/avr/4.8.1/avr5\libgcc.a(_copy_data.o)
 .text.libgcc.builtins
                0x000029b4        0x0 c:/program files (x86)/atmel/avr tools/avr toolchain/bin/../lib/gcc/avr/4.8.1/avr5\libgcc.a(_copy_data.o)
 .text.libgcc.fmul
                0x000029b4        0x0 c:/program files (x86)/atmel/avr tools/avr toolchain/bin/../lib/gcc/avr/4.8.1/avr5\libgcc.a(_copy_data.o)
 .text.libgcc.fixed
                0x000029b4        0x0 c:/program files (x86)/atmel/avr tools/avr toolchain/bin/../lib/gcc/avr/4.8.1/avr5\libgcc.a(_copy_data.o)
 .text.libgcc.mul
                0x000029b4        0x0 c:/program files (x86)/atmel/avr tools/avr toolchain/bin/../lib/gcc/avr/4.8.1/avr5\libgcc.a(_clear_bss.o)
 .text.libgcc.div
                0x000029b4        0x0 c:/program files (x86)/atmel/avr tools/avr toolchain/bin/../lib/gcc/avr/4.8.1/avr5\libgcc.a(_clear_bss.o)
 .text.libgcc   0x000029b4        0x0 c:/program files (x86)/atmel/avr tools/avr toolchain/bin/../lib/gcc/avr/4.8.1/avr5\libgcc.a(_clear_bss.o)
 .text.libgcc.prologue
                0x000029b4        0x0 c:/program files (x86)/atmel/avr tools/avr toolchain/bin/../lib/gcc/avr/4.8.1/avr5\libgcc.a(_clear_bss.o)
 .text.libgcc.builtins
                0x000029b4        0x0 c:/program files (x86)/atmel/avr tools/avr toolchain/bin/../lib/gcc/avr/4.8.1/avr5\libgcc.a(_clear_bss.o)
 .text.libgcc.fmul
                0x000029b4        0x0 c:/program files (x86)/atmel/avr tools/avr toolchain/bin/../lib/gcc/avr/4.8.1/avr5\libgcc.a(_clear_bss.o)
 .text.libgcc.fixed
                0x000029b4        0x0 c:/program files (x86)/atmel/avr tools/avr toolchain/bin/../lib/gcc/avr/4.8.1/avr5\libgcc.a(_clear_bss.o)
 .text.avr-libc
                0x000029b4       0x3c c:/program files (x86)/atmel/avr tools/avr toolchain/bin/../lib/gcc/avr/4.8.1/../../../../avr/lib/avr5\libc.a(atoi.o)
                0x000029b4                atoi
 .text.avr-libc
                0x000029f0       0x10 c:/program files (x86)/atmel/avr tools/avr toolchain/bin/../lib/gcc/avr/4.8.1/../../../../avr/lib/avr5\libc.a(isalnum.o)
                0x000029f0                isalnum
 .text.avr-libc
                0x00002a00        0x6 c:/program files (x86)/atmel/avr tools/avr toolchain/bin/../lib/gcc/avr/4.8.1/../../../../avr/lib/avr5\libc.a(cty_isfalse.o)
                0x00002a00                __ctype_isfalse
                0x00002a04                __ctype_istrue
 .text.avr-libc
                0x00002a06       0x12 c:/program files (x86)/atmel/avr tools/avr toolchain/bin/../lib/gcc/avr/4.8.1/../../../../avr/lib/avr5\libc.a(isalpha.o)
                0x00002a06                isupper
                0x00002a0a                isalpha
                0x00002a0c                islower
 .text.avr-libc
                0x00002a18       0x1c c:/program files (x86)/atmel/avr tools/avr toolchain/bin/../lib/gcc/avr/4.8.1/../../../../avr/lib/avr5\libc.a(strncmp.o)
                0x00002a18                strncmp
 .text.avr-libc
                0x00002a34       0x16 c:/program files (x86)/atmel/avr tools/avr toolchain/bin/../lib/gcc/avr/4.8.1/../../../../avr/lib/avr5\libc.a(itoa.o)
                0x00002a34                __itoa
                0x00002a34                itoa
 .text.avr-libc
                0x00002a4a       0x16 c:/program files (x86)/atmel/avr tools/avr toolchain/bin/../lib/gcc/avr/4.8.1/../../../../avr/lib/avr5\libc.a(itoa_ncheck.o)
                0x00002a4a                __itoa_ncheck
 .text.avr-libc
                0x00002a60       0x10 c:/program files (x86)/atmel/avr tools/avr toolchain/bin/../lib/gcc/avr/4.8.1/../../../../avr/lib/avr5\libc.a(mul10.o)
                0x00002a60                __mulhi_const_10
 .text.avr-libc
                0x00002a70       0x34 c:/program files (x86)/atmel/avr tools/avr toolchain/bin/../lib/gcc/avr/4.8.1/../../../../avr/lib/avr5\libc.a(utoa_ncheck.o)
                0x00002a70                __utoa_ncheck
                0x00002a72                __utoa_common
 .text.avr-libc
                0x00002aa4       0x44 c:/program files (x86)/atmel/avr tools/avr toolchain/bin/../lib/gcc/avr/4.8.1/../../../../avr/lib/avr5\libc.a(sprintf.o)
                0x00002aa4                sprintf
 .text.avr-libc
                0x00002ae8      0x3a4 c:/program files (x86)/atmel/avr tools/avr toolchain/bin/../lib/gcc/avr/4.8.1/../../../../avr/lib/avr5\libc.a(vfprintf_std.o)
                0x00002ae8                vfprintf
 .text.avr-libc
                0x00002e8c       0x16 c:/program files (x86)/atmel/avr tools/avr toolchain/bin/../lib/gcc/avr/4.8.1/../../../../avr/lib/avr5\libc.a(strnlen_P.o)
                0x00002e8c                strnlen_P
 .text.avr-libc
                0x00002ea2       0x16 c:/program files (x86)/atmel/avr tools/avr toolchain/bin/../lib/gcc/avr/4.8.1/../../../../avr/lib/avr5\libc.a(strnlen.o)
                0x00002ea2                strnlen
 .text.avr-libc
                0x00002eb8       0x20 c:/program files (x86)/atmel/avr tools/avr toolchain/bin/../lib/gcc/avr/4.8.1/../../../../avr/lib/avr5\libc.a(strrev.o)
                0x00002eb8                strrev
 .text.avr-libc
                0x00002ed8       0x64 c:/program files (x86)/atmel/avr tools/avr toolchain/bin/../lib/gcc/avr/4.8.1/../../../../avr/lib/avr5\libc.a(fputc.o)
                0x00002ed8                fputc
 .text.avr-libc
                0x00002f3c       0xbc c:/program files (x86)/atmel/avr tools/avr toolchain/bin/../lib/gcc/avr/4.8.1/../../../../avr/lib/avr5\libc.a(ultoa_invert.o)
                0x00002f3c                __ultoa_invert
 .text.libgcc.mul
                0x00002ff8        0x0 c:/program files (x86)/atmel/avr tools/avr toolchain/bin/../lib/gcc/avr/4.8.1/avr5\libgcc.a(_prologue.o)
 .text.libgcc.div
                0x00002ff8        0x0 c:/program files (x86)/atmel/avr tools/avr toolchain/bin/../lib/gcc/avr/4.8.1/avr5\libgcc.a(_prologue.o)
 .text.libgcc   0x00002ff8        0x0 c:/program files (x86)/atmel/avr tools/avr toolchain/bin/../lib/gcc/avr/4.8.1/avr5\libgcc.a(_prologue.o)
 .text.libgcc.prologue
                0x00002ff8       0x38 c:/program files (x86)/atmel/avr tools/avr toolchain/bin/../lib/gcc/avr/4.8.1/avr5\libgcc.a(_prologue.o)
                0x00002ff8                __prologue_saves__
 .text.libgcc.builtins
                0x00003030        0x0 c:/program files (x86)/atmel/avr tools/avr toolchain/bin/../lib/gcc/avr/4.8.1/avr5\libgcc.a(_prologue.o)
 .text.libgcc.fmul
                0x00003030        0x0 c:/program files (x86)/atmel/avr tools/avr toolchain/bin/../lib/gcc/avr/4.8.1/avr5\libgcc.a(_prologue.o)
 .text.libgcc.fixed
                0x00003030        0x0 c:/program files (x86)/atmel/avr tools/avr toolchain/bin/../lib/gcc/avr/4.8.1/avr5\libgcc.a(_prologue.o)
 .text.libgcc.mul
                0x00003030        0x0 c:/program files (x86)/atmel/avr tools/avr toolchain/bin/../lib/gcc/avr/4.8.1/avr5\libgcc.a(_epilogue.o)
 .text.libgcc.div
                0x00003030        0x0 c:/program files (x86)/atmel/avr tools/avr toolchain/bin/../lib/gcc/avr/4.8.1/avr5\libgcc.a(_epilogue.o)
 .text.libgcc   0x00003030        0x0 c:/program files (x86)/atmel/avr tools/avr toolchain/bin/../lib/gcc/avr/4.8.1/avr5\libgcc.a(_epilogue.o)
 .text.libgcc.prologue
                0x00003030       0x36 c:/program files (x86)/atmel/avr tools/avr toolchain/bin/../lib/gcc/avr/4.8.1/avr5\libgcc.a(_epilogue.o)
                0x00003030                __epilogue_restores__
 .text.libgcc.builtins
                0x00003066        0x0 c:/program files (x86)/atmel/avr tools/avr toolchain/bin/../lib/gcc/avr/4.8.1/avr5\libgcc.a(_epilogue.o)
 .text.libgcc.fmul
                0x00003066        0x0 c:/program files (x86)/atmel/avr tools/avr toolchain/bin/../lib/gcc/avr/4.8.1/avr5\libgcc.a(_epilogue.o)
 .text.libgcc.fixed
                0x00003066        0x0 c:/program files (x86)/atmel/avr tools/avr toolchain/bin/../lib/gcc/avr/4.8.1/avr5\libgcc.a(_epilogue.o)
                0x00003066                . = ALIGN (0x2)
 *(.fini9)
 .fini9         0x00003066        0x0 c:/program files (x86)/atmel/avr tools/avr toolchain/bin/../lib/gcc/avr/4.8.1/avr5\libgcc.a(_exit.o)
                0x00003066                _exit
                0x00003066                exit
 *(.fini9)
 *(.fini8)
 *(.fini8)
 *(.fini7)
 *(.fini7)
 *(.fini6)
 *(.fini6)
 *(.fini5)
 *(.fini5)
 *(.fini4)
 *(.fini4)
 *(.fini3)
 *(.fini3)
 *(.fini2)
 *(.fini2)
 *(.fini1)
 *(.fini1)
 *(.fini0)
 .fini0         0x00003066        0x4 c:/program files (x86)/atmel/avr tools/avr toolchain/bin/../lib/gcc/avr/4.8.1/avr5\libgcc.a(_exit.o)
 *(.fini0)
                0x0000306a                _etext = .

.data           0x00800100       0x40 load address 0x0000306a
                0x00800100                PROVIDE (__data_start, .)
 *(.data)
 .data          0x00800100        0x0 c:/program files (x86)/atmel/avr tools/avr toolchain/bin/../lib/gcc/avr/4.8.1/../../../../avr/lib/avr5/crtm328p.o
 .data          0x00800100        0x0 ./enc28j60.o
 .data          0x00800100        0x0 ./fun.o
 .data          0x00800100        0x0 ./ip_arp_udp_tcp.o
 .data          0x00800100        0x0 ./main.o
 .data          0x00800100        0x0 ./web_page.o
 .data          0x00800100        0x0 ./websrv_help_functions.o
 .data          0x00800100        0x0 c:/program files (x86)/atmel/avr tools/avr toolchain/bin/../lib/gcc/avr/4.8.1/avr5\libgcc.a(_udivmodsi4.o)
 .data          0x00800100        0x0 c:/program files (x86)/atmel/avr tools/avr toolchain/bin/../lib/gcc/avr/4.8.1/avr5\libgcc.a(_exit.o)
 .data          0x00800100        0x0 c:/program files (x86)/atmel/avr tools/avr toolchain/bin/../lib/gcc/avr/4.8.1/avr5\libgcc.a(_copy_data.o)
 .data          0x00800100        0x0 c:/program files (x86)/atmel/avr tools/avr toolchain/bin/../lib/gcc/avr/4.8.1/avr5\libgcc.a(_clear_bss.o)
 .data          0x00800100        0x0 c:/program files (x86)/atmel/avr tools/avr toolchain/bin/../lib/gcc/avr/4.8.1/../../../../avr/lib/avr5\libc.a(atoi.o)
 .data          0x00800100        0x0 c:/program files (x86)/atmel/avr tools/avr toolchain/bin/../lib/gcc/avr/4.8.1/../../../../avr/lib/avr5\libc.a(isalnum.o)
 .data          0x00800100        0x0 c:/program files (x86)/atmel/avr tools/avr toolchain/bin/../lib/gcc/avr/4.8.1/../../../../avr/lib/avr5\libc.a(cty_isfalse.o)
 .data          0x00800100        0x0 c:/program files (x86)/atmel/avr tools/avr toolchain/bin/../lib/gcc/avr/4.8.1/../../../../avr/lib/avr5\libc.a(isalpha.o)
 .data          0x00800100        0x0 c:/program files (x86)/atmel/avr tools/avr toolchain/bin/../lib/gcc/avr/4.8.1/../../../../avr/lib/avr5\libc.a(strncmp.o)
 .data          0x00800100        0x0 c:/program files (x86)/atmel/avr tools/avr toolchain/bin/../lib/gcc/avr/4.8.1/../../../../avr/lib/avr5\libc.a(itoa.o)
 .data          0x00800100        0x0 c:/program files (x86)/atmel/avr tools/avr toolchain/bin/../lib/gcc/avr/4.8.1/../../../../avr/lib/avr5\libc.a(itoa_ncheck.o)
 .data          0x00800100        0x0 c:/program files (x86)/atmel/avr tools/avr toolchain/bin/../lib/gcc/avr/4.8.1/../../../../avr/lib/avr5\libc.a(mul10.o)
 .data          0x00800100        0x0 c:/program files (x86)/atmel/avr tools/avr toolchain/bin/../lib/gcc/avr/4.8.1/../../../../avr/lib/avr5\libc.a(utoa_ncheck.o)
 .data          0x00800100        0x0 c:/program files (x86)/atmel/avr tools/avr toolchain/bin/../lib/gcc/avr/4.8.1/../../../../avr/lib/avr5\libc.a(sprintf.o)
 .data          0x00800100        0x0 c:/program files (x86)/atmel/avr tools/avr toolchain/bin/../lib/gcc/avr/4.8.1/../../../../avr/lib/avr5\libc.a(vfprintf_std.o)
 .data          0x00800100        0x0 c:/program files (x86)/atmel/avr tools/avr toolchain/bin/../lib/gcc/avr/4.8.1/../../../../avr/lib/avr5\libc.a(strnlen_P.o)
 .data          0x00800100        0x0 c:/program files (x86)/atmel/avr tools/avr toolchain/bin/../lib/gcc/avr/4.8.1/../../../../avr/lib/avr5\libc.a(strnlen.o)
 .data          0x00800100        0x0 c:/program files (x86)/atmel/avr tools/avr toolchain/bin/../lib/gcc/avr/4.8.1/../../../../avr/lib/avr5\libc.a(strrev.o)
 .data          0x00800100        0x0 c:/program files (x86)/atmel/avr tools/avr toolchain/bin/../lib/gcc/avr/4.8.1/../../../../avr/lib/avr5\libc.a(fputc.o)
 .data          0x00800100        0x0 c:/program files (x86)/atmel/avr tools/avr toolchain/bin/../lib/gcc/avr/4.8.1/../../../../avr/lib/avr5\libc.a(ultoa_invert.o)
 .data          0x00800100        0x0 c:/program files (x86)/atmel/avr tools/avr toolchain/bin/../lib/gcc/avr/4.8.1/avr5\libgcc.a(_prologue.o)
 .data          0x00800100        0x0 c:/program files (x86)/atmel/avr tools/avr toolchain/bin/../lib/gcc/avr/4.8.1/avr5\libgcc.a(_epilogue.o)
 *(.data*)
 .data.seqnum   0x00800100        0x1 ./ip_arp_udp_tcp.o
 .data.delaycnt
                0x00800101        0x2 ./ip_arp_udp_tcp.o
 .data.tcpclient_src_port_l
                0x00800103        0x1 ./ip_arp_udp_tcp.o
 .data.wwwport_l
                0x00800104        0x1 ./ip_arp_udp_tcp.o
 .data.time_to_sync
                0x00800105        0x2 ./main.o
                0x00800105                time_to_sync
 .data.ntpip    0x00800107        0x4 ./main.o
                0x00800107                ntpip
 .data.gwip     0x0080010b        0x4 ./main.o
 .data.myip     0x0080010f        0x4 ./main.o
 .data.mymac    0x00800113        0x6 ./main.o
 *(.rodata)
 *(.rodata*)
 .rodata.str1.1
                0x00800119        0x4 ./ip_arp_udp_tcp.o
 .rodata.str1.1
                0x0080011d        0x5 ./main.o
 .rodata.str1.1
                0x00800122       0x1d ./web_page.o
 *(.gnu.linkonce.d*)
                0x00800140                . = ALIGN (0x2)
 *fill*         0x0080013f        0x1 
                0x00800140                _edata = .
                0x00800140                PROVIDE (__data_end, .)

.bss            0x00800140      0x3b7
                0x00800140                PROVIDE (__bss_start, .)
 *(.bss)
 .bss           0x00800140        0x0 c:/program files (x86)/atmel/avr tools/avr toolchain/bin/../lib/gcc/avr/4.8.1/../../../../avr/lib/avr5/crtm328p.o
 .bss           0x00800140        0x0 ./enc28j60.o
 .bss           0x00800140        0x0 ./fun.o
 .bss           0x00800140        0x0 ./ip_arp_udp_tcp.o
 .bss           0x00800140        0x0 ./main.o
 .bss           0x00800140        0x0 ./web_page.o
 .bss           0x00800140        0x0 ./websrv_help_functions.o
 .bss           0x00800140        0x0 c:/program files (x86)/atmel/avr tools/avr toolchain/bin/../lib/gcc/avr/4.8.1/avr5\libgcc.a(_udivmodsi4.o)
 .bss           0x00800140        0x0 c:/program files (x86)/atmel/avr tools/avr toolchain/bin/../lib/gcc/avr/4.8.1/avr5\libgcc.a(_exit.o)
 .bss           0x00800140        0x0 c:/program files (x86)/atmel/avr tools/avr toolchain/bin/../lib/gcc/avr/4.8.1/avr5\libgcc.a(_copy_data.o)
 .bss           0x00800140        0x0 c:/program files (x86)/atmel/avr tools/avr toolchain/bin/../lib/gcc/avr/4.8.1/avr5\libgcc.a(_clear_bss.o)
 .bss           0x00800140        0x0 c:/program files (x86)/atmel/avr tools/avr toolchain/bin/../lib/gcc/avr/4.8.1/../../../../avr/lib/avr5\libc.a(atoi.o)
 .bss           0x00800140        0x0 c:/program files (x86)/atmel/avr tools/avr toolchain/bin/../lib/gcc/avr/4.8.1/../../../../avr/lib/avr5\libc.a(isalnum.o)
 .bss           0x00800140        0x0 c:/program files (x86)/atmel/avr tools/avr toolchain/bin/../lib/gcc/avr/4.8.1/../../../../avr/lib/avr5\libc.a(cty_isfalse.o)
 .bss           0x00800140        0x0 c:/program files (x86)/atmel/avr tools/avr toolchain/bin/../lib/gcc/avr/4.8.1/../../../../avr/lib/avr5\libc.a(isalpha.o)
 .bss           0x00800140        0x0 c:/program files (x86)/atmel/avr tools/avr toolchain/bin/../lib/gcc/avr/4.8.1/../../../../avr/lib/avr5\libc.a(strncmp.o)
 .bss           0x00800140        0x0 c:/program files (x86)/atmel/avr tools/avr toolchain/bin/../lib/gcc/avr/4.8.1/../../../../avr/lib/avr5\libc.a(itoa.o)
 .bss           0x00800140        0x0 c:/program files (x86)/atmel/avr tools/avr toolchain/bin/../lib/gcc/avr/4.8.1/../../../../avr/lib/avr5\libc.a(itoa_ncheck.o)
 .bss           0x00800140        0x0 c:/program files (x86)/atmel/avr tools/avr toolchain/bin/../lib/gcc/avr/4.8.1/../../../../avr/lib/avr5\libc.a(mul10.o)
 .bss           0x00800140        0x0 c:/program files (x86)/atmel/avr tools/avr toolchain/bin/../lib/gcc/avr/4.8.1/../../../../avr/lib/avr5\libc.a(utoa_ncheck.o)
 .bss           0x00800140        0x0 c:/program files (x86)/atmel/avr tools/avr toolchain/bin/../lib/gcc/avr/4.8.1/../../../../avr/lib/avr5\libc.a(sprintf.o)
 .bss           0x00800140        0x0 c:/program files (x86)/atmel/avr tools/avr toolchain/bin/../lib/gcc/avr/4.8.1/../../../../avr/lib/avr5\libc.a(vfprintf_std.o)
 .bss           0x00800140        0x0 c:/program files (x86)/atmel/avr tools/avr toolchain/bin/../lib/gcc/avr/4.8.1/../../../../avr/lib/avr5\libc.a(strnlen_P.o)
 .bss           0x00800140        0x0 c:/program files (x86)/atmel/avr tools/avr toolchain/bin/../lib/gcc/avr/4.8.1/../../../../avr/lib/avr5\libc.a(strnlen.o)
 .bss           0x00800140        0x0 c:/program files (x86)/atmel/avr tools/avr toolchain/bin/../lib/gcc/avr/4.8.1/../../../../avr/lib/avr5\libc.a(strrev.o)
 .bss           0x00800140        0x0 c:/program files (x86)/atmel/avr tools/avr toolchain/bin/../lib/gcc/avr/4.8.1/../../../../avr/lib/avr5\libc.a(fputc.o)
 .bss           0x00800140        0x0 c:/program files (x86)/atmel/avr tools/avr toolchain/bin/../lib/gcc/avr/4.8.1/../../../../avr/lib/avr5\libc.a(ultoa_invert.o)
 .bss           0x00800140        0x0 c:/program files (x86)/atmel/avr tools/avr toolchain/bin/../lib/gcc/avr/4.8.1/avr5\libgcc.a(_prologue.o)
 .bss           0x00800140        0x0 c:/program files (x86)/atmel/avr tools/avr toolchain/bin/../lib/gcc/avr/4.8.1/avr5\libgcc.a(_epilogue.o)
 *(.bss*)
 .bss.gNextPacketPtr
                0x00800140        0x2 ./enc28j60.o
 .bss.Enc28j60Bank
                0x00800142        0x1 ./enc28j60.o
 .bss.info_data_len
                0x00800143        0x2 ./ip_arp_udp_tcp.o
 .bss.ipaddr    0x00800145        0x4 ./ip_arp_udp_tcp.o
 .bss.macaddr   0x00800149        0x6 ./ip_arp_udp_tcp.o
 .bss.waitgwmac
                0x0080014f        0x1 ./ip_arp_udp_tcp.o
 .bss.gwmacaddr
                0x00800150        0x6 ./ip_arp_udp_tcp.o
 .bss.gwip      0x00800156        0x4 ./ip_arp_udp_tcp.o
 .bss.icmp_callback
                0x0080015a        0x2 ./ip_arp_udp_tcp.o
 .bss.bufptr    0x0080015c        0x2 ./ip_arp_udp_tcp.o
 .bss.client_hoststr
                0x0080015e        0x2 ./ip_arp_udp_tcp.o
 .bss.client_urlbuf_var
                0x00800160        0x2 ./ip_arp_udp_tcp.o
 .bss.client_urlbuf
                0x00800162        0x2 ./ip_arp_udp_tcp.o
 .bss.client_postval
                0x00800164        0x2 ./ip_arp_udp_tcp.o
 .bss.client_additionalheaderline
                0x00800166        0x2 ./ip_arp_udp_tcp.o
 .bss.client_browser_callback
                0x00800168        0x2 ./ip_arp_udp_tcp.o
 .bss.browsertype
                0x0080016a        0x1 ./ip_arp_udp_tcp.o
 .bss.www_fd    0x0080016b        0x1 ./ip_arp_udp_tcp.o
 .bss.client_tcp_datafill_callback
                0x0080016c        0x2 ./ip_arp_udp_tcp.o
 .bss.client_tcp_result_callback
                0x0080016e        0x2 ./ip_arp_udp_tcp.o
 .bss.tcp_client_port_l
                0x00800170        0x1 ./ip_arp_udp_tcp.o
 .bss.tcp_client_port_h
                0x00800171        0x1 ./ip_arp_udp_tcp.o
 .bss.tcp_client_state
                0x00800172        0x1 ./ip_arp_udp_tcp.o
 .bss.tcpsrvip  0x00800173        0x4 ./ip_arp_udp_tcp.o
 .bss.tcp_fd    0x00800177        0x1 ./ip_arp_udp_tcp.o
 .bss.wwwport_h
                0x00800178        0x1 ./ip_arp_udp_tcp.o
 .bss.sw6.2409  0x00800179        0x1 ./main.o
 .bss.sw5.2408  0x0080017a        0x1 ./main.o
 .bss.sw4.2407  0x0080017b        0x1 ./main.o
 .bss.sw3.2406  0x0080017c        0x1 ./main.o
 .bss.sw2.2405  0x0080017d        0x1 ./main.o
 .bss.sw1.2404  0x0080017e        0x1 ./main.o
 .bss.ntpclientportL
                0x0080017f        0x1 ./main.o
 .bss.time      0x00800180        0x4 ./web_page.o
                0x00800180                time
 .bss.send_ntp_req_from_idle_loop
                0x00800184        0x1 ./web_page.o
                0x00800184                send_ntp_req_from_idle_loop
 .bss.haveNTPanswer
                0x00800185        0x1 ./web_page.o
                0x00800185                haveNTPanswer
 .bss.ntp_client_attempts
                0x00800186        0x1 ./web_page.o
                0x00800186                ntp_client_attempts
 .bss.ntp_unix_time_str
                0x00800187        0xb ./web_page.o
 .bss.gStrbuf   0x00800192       0x15 ./web_page.o
 *(COMMON)
 COMMON         0x008001a7        0xd ./main.o
                0x008001a7                Timer3
                0x008001a8                rly_2
                0x008001a9                rly_1
                0x008001aa                Timer4
                0x008001ab                fail_1
                0x008001ac                cap_1
                0x008001ad                Timer6
                0x008001ae                Timer2
                0x008001af                Timer5
                0x008001b0                Timer1
                0x008001b1                Timer7
                0x008001b2                fail_2
                0x008001b3                cap_2
 COMMON         0x008001b4      0x343 ./web_page.o
                0x008001b4                off_time_1
                0x008001b8                gPlen
                0x008001ba                on_time_1
                0x008001be                visitor_counter
                0x008001c0                wait_time_2
                0x008001c4                str_buffer
                0x008001ca                on_time_2
                0x008001ce                buf
                0x008004ef                off_time_2
                0x008004f3                wait_time_1
                0x008004f7                PROVIDE (__bss_end, .)
                0x0000306a                __data_load_start = LOADADDR (.data)
                0x000030aa                __data_load_end = (__data_load_start + SIZEOF (.data))

.noinit         0x008004f7        0x0
                0x008004f7                PROVIDE (__noinit_start, .)
 *(.noinit*)
                0x008004f7                PROVIDE (__noinit_end, .)
                0x008004f7                _end = .
                0x008004f7                PROVIDE (__heap_start, .)

.eeprom         0x00810000        0x0
 *(.eeprom*)
                0x00810000                __eeprom_end = .

.fuse
 *(.fuse)
 *(.lfuse)
 *(.hfuse)
 *(.efuse)

.lock
 *(.lock*)

.signature
 *(.signature*)

.user_signatures
 *(.user_signatures*)

.stab
 *(.stab)

.stabstr
 *(.stabstr)

.stab.excl
 *(.stab.excl)

.stab.exclstr
 *(.stab.exclstr)

.stab.index
 *(.stab.index)

.stab.indexstr
 *(.stab.indexstr)

.comment        0x00000000       0x5c
 *(.comment)
 .comment       0x00000000       0x30 ./enc28j60.o
                                 0x31 (size before relaxing)
 .comment       0x00000000       0x31 ./fun.o
 .comment       0x00000000       0x31 ./ip_arp_udp_tcp.o
 .comment       0x00000000       0x31 ./main.o
 .comment       0x00000000       0x31 ./web_page.o
 .comment       0x00000000       0x31 ./websrv_help_functions.o
 .comment       0x00000000       0x31 c:/program files (x86)/atmel/avr tools/avr toolchain/bin/../lib/gcc/avr/4.8.1/../../../../avr/lib/avr5\libc.a(sprintf.o)
 .comment       0x00000030       0x2c c:/program files (x86)/atmel/avr tools/avr toolchain/bin/../lib/gcc/avr/4.8.1/../../../../avr/lib/avr5\libc.a(vfprintf_std.o)
                                 0x2d (size before relaxing)
 .comment       0x00000000       0x31 c:/program files (x86)/atmel/avr tools/avr toolchain/bin/../lib/gcc/avr/4.8.1/../../../../avr/lib/avr5\libc.a(fputc.o)

.note.gnu.build-id
 *(.note.gnu.build-id)

.debug
 *(.debug)

.line
 *(.line)

.debug_srcinfo
 *(.debug_srcinfo)

.debug_sfnames
 *(.debug_sfnames)

.debug_aranges
 *(.debug_aranges)

.debug_pubnames
 *(.debug_pubnames)

.debug_info
 *(.debug_info .gnu.linkonce.wi.*)

.debug_abbrev
 *(.debug_abbrev)

.debug_line
 *(.debug_line .debug_line.* .debug_line_end)

.debug_frame
 *(.debug_frame)

.debug_str
 *(.debug_str)

.debug_loc
 *(.debug_loc)

.debug_macinfo
 *(.debug_macinfo)

.debug_weaknames
 *(.debug_weaknames)

.debug_funcnames
 *(.debug_funcnames)

.debug_typenames
 *(.debug_typenames)

.debug_varnames
 *(.debug_varnames)

.debug_pubtypes
 *(.debug_pubtypes)

.debug_ranges
 *(.debug_ranges)

.debug_macro
 *(.debug_macro)
OUTPUT(20_ETHERNET.elf elf32-avr)
LOAD linker stubs
